Archive member included to satisfy reference by file (symbol)

c:/program files (x86)/gnu arm embedded toolchain/10 2021.07/bin/../lib/gcc/arm-none-eabi/10.3.1/../../../../arm-none-eabi/lib/thumb/v7e-m+fp/hard\libc_nano.a(lib_a-exit.o)
                              c:/program files (x86)/gnu arm embedded toolchain/10 2021.07/bin/../lib/gcc/arm-none-eabi/10.3.1/../../../../arm-none-eabi/lib/thumb/v7e-m+fp/hard/crt0.o (exit)
c:/program files (x86)/gnu arm embedded toolchain/10 2021.07/bin/../lib/gcc/arm-none-eabi/10.3.1/../../../../arm-none-eabi/lib/thumb/v7e-m+fp/hard\libc_nano.a(lib_a-impure.o)
                              c:/program files (x86)/gnu arm embedded toolchain/10 2021.07/bin/../lib/gcc/arm-none-eabi/10.3.1/../../../../arm-none-eabi/lib/thumb/v7e-m+fp/hard\libc_nano.a(lib_a-exit.o) (_global_impure_ptr)
c:/program files (x86)/gnu arm embedded toolchain/10 2021.07/bin/../lib/gcc/arm-none-eabi/10.3.1/../../../../arm-none-eabi/lib/thumb/v7e-m+fp/hard\libc_nano.a(lib_a-init.o)
                              c:/program files (x86)/gnu arm embedded toolchain/10 2021.07/bin/../lib/gcc/arm-none-eabi/10.3.1/../../../../arm-none-eabi/lib/thumb/v7e-m+fp/hard/crt0.o (__libc_init_array)
c:/program files (x86)/gnu arm embedded toolchain/10 2021.07/bin/../lib/gcc/arm-none-eabi/10.3.1/../../../../arm-none-eabi/lib/thumb/v7e-m+fp/hard\libc_nano.a(lib_a-memset.o)
                              c:/program files (x86)/gnu arm embedded toolchain/10 2021.07/bin/../lib/gcc/arm-none-eabi/10.3.1/../../../../arm-none-eabi/lib/thumb/v7e-m+fp/hard/crt0.o (memset)
c:/program files (x86)/gnu arm embedded toolchain/10 2021.07/bin/../lib/gcc/arm-none-eabi/10.3.1/../../../../arm-none-eabi/lib/thumb/v7e-m+fp/hard\libc_nano.a(lib_a-strlen.o)
                              build/ssd1306.o (strlen)
c:/program files (x86)/gnu arm embedded toolchain/10 2021.07/bin/../lib/gcc/arm-none-eabi/10.3.1/../../../../arm-none-eabi/lib/thumb/v7e-m+fp/hard\libnosys.a(_exit.o)
                              c:/program files (x86)/gnu arm embedded toolchain/10 2021.07/bin/../lib/gcc/arm-none-eabi/10.3.1/../../../../arm-none-eabi/lib/thumb/v7e-m+fp/hard\libc_nano.a(lib_a-exit.o) (_exit)
c:/program files (x86)/gnu arm embedded toolchain/10 2021.07/bin/../lib/gcc/arm-none-eabi/10.3.1/thumb/v7e-m+fp/hard\libgcc.a(_aeabi_uldivmod.o)
                              build/stm32f4xx_hal_rcc.o (__aeabi_uldivmod)
c:/program files (x86)/gnu arm embedded toolchain/10 2021.07/bin/../lib/gcc/arm-none-eabi/10.3.1/thumb/v7e-m+fp/hard\libgcc.a(_udivmoddi4.o)
                              c:/program files (x86)/gnu arm embedded toolchain/10 2021.07/bin/../lib/gcc/arm-none-eabi/10.3.1/thumb/v7e-m+fp/hard\libgcc.a(_aeabi_uldivmod.o) (__udivmoddi4)
c:/program files (x86)/gnu arm embedded toolchain/10 2021.07/bin/../lib/gcc/arm-none-eabi/10.3.1/thumb/v7e-m+fp/hard\libgcc.a(_dvmd_tls.o)
                              c:/program files (x86)/gnu arm embedded toolchain/10 2021.07/bin/../lib/gcc/arm-none-eabi/10.3.1/thumb/v7e-m+fp/hard\libgcc.a(_aeabi_uldivmod.o) (__aeabi_ldiv0)

Discarded input sections

 .text          0x00000000        0x0 c:/program files (x86)/gnu arm embedded toolchain/10 2021.07/bin/../lib/gcc/arm-none-eabi/10.3.1/thumb/v7e-m+fp/hard/crti.o
 .data          0x00000000        0x0 c:/program files (x86)/gnu arm embedded toolchain/10 2021.07/bin/../lib/gcc/arm-none-eabi/10.3.1/thumb/v7e-m+fp/hard/crti.o
 .bss           0x00000000        0x0 c:/program files (x86)/gnu arm embedded toolchain/10 2021.07/bin/../lib/gcc/arm-none-eabi/10.3.1/thumb/v7e-m+fp/hard/crti.o
 .data          0x00000000        0x4 c:/program files (x86)/gnu arm embedded toolchain/10 2021.07/bin/../lib/gcc/arm-none-eabi/10.3.1/thumb/v7e-m+fp/hard/crtbegin.o
 .rodata        0x00000000       0x24 c:/program files (x86)/gnu arm embedded toolchain/10 2021.07/bin/../lib/gcc/arm-none-eabi/10.3.1/thumb/v7e-m+fp/hard/crtbegin.o
 .text          0x00000000       0x7c c:/program files (x86)/gnu arm embedded toolchain/10 2021.07/bin/../lib/gcc/arm-none-eabi/10.3.1/../../../../arm-none-eabi/lib/thumb/v7e-m+fp/hard/crt0.o
 .data          0x00000000        0x0 c:/program files (x86)/gnu arm embedded toolchain/10 2021.07/bin/../lib/gcc/arm-none-eabi/10.3.1/../../../../arm-none-eabi/lib/thumb/v7e-m+fp/hard/crt0.o
 .bss           0x00000000        0x0 c:/program files (x86)/gnu arm embedded toolchain/10 2021.07/bin/../lib/gcc/arm-none-eabi/10.3.1/../../../../arm-none-eabi/lib/thumb/v7e-m+fp/hard/crt0.o
 .ARM.extab     0x00000000        0x0 c:/program files (x86)/gnu arm embedded toolchain/10 2021.07/bin/../lib/gcc/arm-none-eabi/10.3.1/../../../../arm-none-eabi/lib/thumb/v7e-m+fp/hard/crt0.o
 .ARM.exidx     0x00000000       0x10 c:/program files (x86)/gnu arm embedded toolchain/10 2021.07/bin/../lib/gcc/arm-none-eabi/10.3.1/../../../../arm-none-eabi/lib/thumb/v7e-m+fp/hard/crt0.o
 .ARM.attributes
[...]
Memory Configuration

Name             Origin             Length             Attributes
RAM              0x20000000         0x00020000         xrw
CCMRAM           0x10000000         0x00010000         xrw
FLASH            0x08000000         0x00100000         xr
*default*        0x00000000         0xffffffff

Linker script and memory map

LOAD c:/program files (x86)/gnu arm embedded toolchain/10 2021.07/bin/../lib/gcc/arm-none-eabi/10.3.1/thumb/v7e-m+fp/hard/crti.o
LOAD c:/program files (x86)/gnu arm embedded toolchain/10 2021.07/bin/../lib/gcc/arm-none-eabi/10.3.1/thumb/v7e-m+fp/hard/crtbegin.o
LOAD c:/program files (x86)/gnu arm embedded toolchain/10 2021.07/bin/../lib/gcc/arm-none-eabi/10.3.1/../../../../arm-none-eabi/lib/thumb/v7e-m+fp/hard/crt0.o
LOAD build/dma.o
LOAD build/gpio.o
LOAD build/main.o
LOAD build/spi.o
LOAD build/stm32f4xx_hal_msp.o
LOAD build/stm32f4xx_it.o
LOAD build/system_stm32f4xx.o
LOAD build/usart.o
LOAD build/ssd1306.o
LOAD build/ssd1306_fonts.o
LOAD build/stm32f4xx_hal.o
LOAD build/stm32f4xx_hal_cortex.o
LOAD build/stm32f4xx_hal_dma.o
LOAD build/stm32f4xx_hal_dma_ex.o
LOAD build/stm32f4xx_hal_exti.o
LOAD build/stm32f4xx_hal_flash.o
LOAD build/stm32f4xx_hal_flash_ex.o
LOAD build/stm32f4xx_hal_flash_ramfunc.o
LOAD build/stm32f4xx_hal_gpio.o
LOAD build/stm32f4xx_hal_pwr.o
LOAD build/stm32f4xx_hal_pwr_ex.o
LOAD build/stm32f4xx_hal_rcc.o
LOAD build/stm32f4xx_hal_rcc_ex.o
LOAD build/stm32f4xx_hal_spi.o
LOAD build/stm32f4xx_hal_tim.o
LOAD build/stm32f4xx_hal_tim_ex.o
LOAD build/stm32f4xx_hal_uart.o
LOAD build/startup_stm32f405xx.o
LOAD c:/program files (x86)/gnu arm embedded toolchain/10 2021.07/bin/../lib/gcc/arm-none-eabi/10.3.1/../../../../arm-none-eabi/lib/thumb/v7e-m+fp/hard\libc_nano.a
LOAD c:/program files (x86)/gnu arm embedded toolchain/10 2021.07/bin/../lib/gcc/arm-none-eabi/10.3.1/../../../../arm-none-eabi/lib/thumb/v7e-m+fp/hard\libm.a
LOAD c:/program files (x86)/gnu arm embedded toolchain/10 2021.07/bin/../lib/gcc/arm-none-eabi/10.3.1/../../../../arm-none-eabi/lib/thumb/v7e-m+fp/hard\libnosys.a
START GROUP
LOAD c:/program files (x86)/gnu arm embedded toolchain/10 2021.07/bin/../lib/gcc/arm-none-eabi/10.3.1/thumb/v7e-m+fp/hard\libgcc.a
LOAD c:/program files (x86)/gnu arm embedded toolchain/10 2021.07/bin/../lib/gcc/arm-none-eabi/10.3.1/../../../../arm-none-eabi/lib/thumb/v7e-m+fp/hard\libc_nano.a
END GROUP
START GROUP
LOAD c:/program files (x86)/gnu arm embedded toolchain/10 2021.07/bin/../lib/gcc/arm-none-eabi/10.3.1/thumb/v7e-m+fp/hard\libgcc.a
LOAD c:/program files (x86)/gnu arm embedded toolchain/10 2021.07/bin/../lib/gcc/arm-none-eabi/10.3.1/../../../../arm-none-eabi/lib/thumb/v7e-m+fp/hard\libc_nano.a
END GROUP
LOAD c:/program files (x86)/gnu arm embedded toolchain/10 2021.07/bin/../lib/gcc/arm-none-eabi/10.3.1/thumb/v7e-m+fp/hard/crtend.o
LOAD c:/program files (x86)/gnu arm embedded toolchain/10 2021.07/bin/../lib/gcc/arm-none-eabi/10.3.1/thumb/v7e-m+fp/hard/crtn.o
                0x20020000                _estack = 0x20020000
                0x00000200                _Min_Heap_Size = 0x200
                0x00000400                _Min_Stack_Size = 0x400

.isr_vector     0x08000000      0x188
                0x08000000                . = ALIGN (0x4)
 *(.isr_vector)
 .isr_vector    0x08000000      0x188 build/startup_stm32f405xx.o
                0x08000000                g_pfnVectors
                0x08000188                . = ALIGN (0x4)

.text           0x08000188     0x2668
                0x08000188                . = ALIGN (0x4)
 *(.text)
 .text          0x08000188       0x40 c:/program files (x86)/gnu arm embedded toolchain/10 2021.07/bin/../lib/gcc/arm-none-eabi/10.3.1/thumb/v7e-m+fp/hard/crtbegin.o
 .text          0x080001c8       0x10 c:/program files (x86)/gnu arm embedded toolchain/10 2021.07/bin/../lib/gcc/arm-none-eabi/10.3.1/../../../../arm-none-eabi/lib/thumb/v7e-m+fp/hard\libc_nano.a(lib_a-strlen.o)
                0x080001c8                strlen
 .text          0x080001d8       0x30 c:/program files (x86)/gnu arm embedded toolchain/10 2021.07/bin/../lib/gcc/arm-none-eabi/10.3.1/thumb/v7e-m+fp/hard\libgcc.a(_aeabi_uldivmod.o)
                0x080001d8                __aeabi_uldivmod
 .text          0x08000208      0x2d0 c:/program files (x86)/gnu arm embedded toolchain/10 2021.07/bin/../lib/gcc/arm-none-eabi/10.3.1/thumb/v7e-m+fp/hard\libgcc.a(_udivmoddi4.o)
                0x08000208                __udivmoddi4
 .text          0x080004d8        0x4 c:/program files (x86)/gnu arm embedded toolchain/10 2021.07/bin/../lib/gcc/arm-none-eabi/10.3.1/thumb/v7e-m+fp/hard\libgcc.a(_dvmd_tls.o)
                0x080004d8                __aeabi_idiv0
                0x080004d8                __aeabi_ldiv0
 *(.text*)
 .text.MX_DMA_Init
                0x080004dc       0x78 build/dma.o
                0x080004dc                MX_DMA_Init
 .text.MX_GPIO_Init
                0x08000554       0xd8 build/gpio.o
                0x08000554                MX_GPIO_Init
 .text.Error_Handler
                0x0800062c        0x4 build/main.o
                0x0800062c                Error_Handler
 .text.SystemClock_Config
                0x08000630       0xa0 build/main.o
                0x08000630                SystemClock_Config
 .text.main     0x080006d0       0xb4 build/main.o
                0x080006d0                main
 .text.MX_SPI1_Init
                0x08000784       0x4c build/spi.o
                0x08000784                MX_SPI1_Init
 .text.HAL_SPI_MspInit
                0x080007d0       0xbc build/spi.o
                0x080007d0                HAL_SPI_MspInit
 .text.HAL_MspInit
                0x0800088c       0x38 build/stm32f4xx_hal_msp.o
                0x0800088c                HAL_MspInit
 .text.NMI_Handler
                0x080008c4        0x2 build/stm32f4xx_it.o
                0x080008c4                NMI_Handler
 .text.HardFault_Handler
                0x080008c6        0x2 build/stm32f4xx_it.o
                0x080008c6                HardFault_Handler
 .text.MemManage_Handler
                0x080008c8        0x2 build/stm32f4xx_it.o
                0x080008c8                MemManage_Handler
 .text.BusFault_Handler
                0x080008ca        0x2 build/stm32f4xx_it.o
                0x080008ca                BusFault_Handler
 .text.UsageFault_Handler
                0x080008cc        0x2 build/stm32f4xx_it.o
                0x080008cc                UsageFault_Handler
 .text.SVC_Handler
                0x080008ce        0x2 build/stm32f4xx_it.o
                0x080008ce                SVC_Handler
 .text.DebugMon_Handler
                0x080008d0        0x2 build/stm32f4xx_it.o
                0x080008d0                DebugMon_Handler
 .text.PendSV_Handler
                0x080008d2        0x2 build/stm32f4xx_it.o
                0x080008d2                PendSV_Handler
 .text.SysTick_Handler
                0x080008d4        0x8 build/stm32f4xx_it.o
                0x080008d4                SysTick_Handler
 .text.SPI1_IRQHandler
                0x080008dc       0x10 build/stm32f4xx_it.o
                0x080008dc                SPI1_IRQHandler
 .text.USART2_IRQHandler
                0x080008ec       0x10 build/stm32f4xx_it.o
                0x080008ec                USART2_IRQHandler
 .text.DMA2_Stream3_IRQHandler
                0x080008fc       0x10 build/stm32f4xx_it.o
                0x080008fc                DMA2_Stream3_IRQHandler
 .text.SystemInit
                0x0800090c       0x14 build/system_stm32f4xx.o
                0x0800090c                SystemInit
 .text.MX_USART2_UART_Init
                0x08000920       0x34 build/usart.o
                0x08000920                MX_USART2_UART_Init
 .text.HAL_UART_MspInit
                0x08000954       0x7c build/usart.o
                0x08000954                HAL_UART_MspInit
 .text.spi_sendbyte
                0x080009d0       0x20 build/ssd1306.o
                0x080009d0                spi_sendbyte
 .text.oled_writecmd
                0x080009f0       0x38 build/ssd1306.o
                0x080009f0                oled_writecmd
 .text.oled_writedata
                0x08000a28       0x30 build/ssd1306.o
                0x08000a28                oled_writedata
 .text.ssd1306_init
                0x08000a58       0xe4 build/ssd1306.o
                0x08000a58                ssd1306_init
 .text.fill_screen
                0x08000b3c       0x20 build/ssd1306.o
                0x08000b3c                fill_screen
 .text.clean_screen
                0x08000b5c        0xa build/ssd1306.o
                0x08000b5c                clean_screen
 *fill*         0x08000b66        0x2 
 .text.oled_print_ch
                0x08000b68       0xbc build/ssd1306.o
                0x08000b68                oled_print_ch
 .text.oled_print_str
                0x08000c24       0x3c build/ssd1306.o
                0x08000c24                oled_print_str
 .text.HAL_InitTick
                0x08000c60       0x4c build/stm32f4xx_hal.o
                0x08000c60                HAL_InitTick
 .text.HAL_Init
                0x08000cac       0x34 build/stm32f4xx_hal.o
                0x08000cac                HAL_Init
 .text.HAL_IncTick
                0x08000ce0       0x18 build/stm32f4xx_hal.o
                0x08000ce0                HAL_IncTick
 .text.HAL_GetTick
                0x08000cf8        0xc build/stm32f4xx_hal.o
                0x08000cf8                HAL_GetTick
 .text.HAL_Delay
                0x08000d04       0x28 build/stm32f4xx_hal.o
                0x08000d04                HAL_Delay
 .text.HAL_NVIC_SetPriorityGrouping
                0x08000d2c       0x24 build/stm32f4xx_hal_cortex.o
                0x08000d2c                HAL_NVIC_SetPriorityGrouping
 .text.HAL_NVIC_SetPriority
                0x08000d50       0x70 build/stm32f4xx_hal_cortex.o
                0x08000d50                HAL_NVIC_SetPriority
 .text.HAL_NVIC_EnableIRQ
                0x08000dc0       0x1c build/stm32f4xx_hal_cortex.o
                0x08000dc0                HAL_NVIC_EnableIRQ
 .text.HAL_SYSTICK_Config
                0x08000ddc       0x28 build/stm32f4xx_hal_cortex.o
                0x08000ddc                HAL_SYSTICK_Config
 .text.DMA_SetConfig
                0x08000e04       0x2c build/stm32f4xx_hal_dma.o
 .text.DMA_CalcBaseAndBitshift
                0x08000e30       0x44 build/stm32f4xx_hal_dma.o
 .text.DMA_CheckFifoParam
                0x08000e74       0x8e build/stm32f4xx_hal_dma.o
 *fill*         0x08000f02        0x2 
 .text.HAL_DMA_Init
                0x08000f04       0xcc build/stm32f4xx_hal_dma.o
                0x08000f04                HAL_DMA_Init
 .text.HAL_DMA_Start_IT
                0x08000fd0       0x6a build/stm32f4xx_hal_dma.o
                0x08000fd0                HAL_DMA_Start_IT
 .text.HAL_DMA_Abort
                0x0800103a       0x94 build/stm32f4xx_hal_dma.o
                0x0800103a                HAL_DMA_Abort
 .text.HAL_DMA_Abort_IT
                0x080010ce       0x26 build/stm32f4xx_hal_dma.o
                0x080010ce                HAL_DMA_Abort_IT
 .text.HAL_DMA_IRQHandler
                0x080010f4      0x1dc build/stm32f4xx_hal_dma.o
                0x080010f4                HAL_DMA_IRQHandler
 .text.HAL_GPIO_Init
                0x080012d0      0x1e4 build/stm32f4xx_hal_gpio.o
                0x080012d0                HAL_GPIO_Init
 .text.HAL_GPIO_WritePin
                0x080014b4        0xc build/stm32f4xx_hal_gpio.o
                0x080014b4                HAL_GPIO_WritePin
 .text.HAL_GPIO_TogglePin
                0x080014c0       0x12 build/stm32f4xx_hal_gpio.o
                0x080014c0                HAL_GPIO_TogglePin
 *fill*         0x080014d2        0x2 
 .text.HAL_RCC_OscConfig
                0x080014d4      0x3f8 build/stm32f4xx_hal_rcc.o
                0x080014d4                HAL_RCC_OscConfig
 .text.HAL_RCC_GetSysClockFreq
                0x080018cc       0xd4 build/stm32f4xx_hal_rcc.o
                0x080018cc                HAL_RCC_GetSysClockFreq
 .text.HAL_RCC_ClockConfig
                0x080019a0      0x160 build/stm32f4xx_hal_rcc.o
                0x080019a0                HAL_RCC_ClockConfig
 .text.HAL_RCC_GetHCLKFreq
                0x08001b00        0xc build/stm32f4xx_hal_rcc.o
                0x08001b00                HAL_RCC_GetHCLKFreq
 .text.HAL_RCC_GetPCLK1Freq
                0x08001b0c       0x20 build/stm32f4xx_hal_rcc.o
                0x08001b0c                HAL_RCC_GetPCLK1Freq
 .text.HAL_RCC_GetPCLK2Freq
                0x08001b2c       0x20 build/stm32f4xx_hal_rcc.o
                0x08001b2c                HAL_RCC_GetPCLK2Freq
 .text.SPI_WaitFlagStateUntilTimeout
                0x08001b4c       0xd4 build/stm32f4xx_hal_spi.o
 .text.SPI_EndRxTxTransaction
                0x08001c20       0x68 build/stm32f4xx_hal_spi.o
 .text.HAL_SPI_Init
                0x08001c88       0xbe build/stm32f4xx_hal_spi.o
                0x08001c88                HAL_SPI_Init
 *fill*         0x08001d46        0x2 
 .text.HAL_SPI_Transmit_DMA
                0x08001d48       0xe0 build/stm32f4xx_hal_spi.o
                0x08001d48                HAL_SPI_Transmit_DMA
 .text.HAL_SPI_TxCpltCallback
                0x08001e28        0x2 build/stm32f4xx_hal_spi.o
                0x08001e28                HAL_SPI_TxCpltCallback
 .text.HAL_SPI_TxHalfCpltCallback
                0x08001e2a        0x2 build/stm32f4xx_hal_spi.o
                0x08001e2a                HAL_SPI_TxHalfCpltCallback
 .text.SPI_DMAHalfTransmitCplt
                0x08001e2c        0xa build/stm32f4xx_hal_spi.o
 .text.HAL_SPI_ErrorCallback
                0x08001e36        0x2 build/stm32f4xx_hal_spi.o
                0x08001e36                HAL_SPI_ErrorCallback
 .text.SPI_DMAError
                0x08001e38       0x22 build/stm32f4xx_hal_spi.o
 .text.SPI_DMATransmitCplt
                0x08001e5a       0x70 build/stm32f4xx_hal_spi.o
 *fill*         0x08001eca        0x2 
 .text.HAL_SPI_IRQHandler
                0x08001ecc      0x124 build/stm32f4xx_hal_spi.o
                0x08001ecc                HAL_SPI_IRQHandler
 .text.SPI_DMAAbortOnError
                0x08001ff0       0x10 build/stm32f4xx_hal_spi.o
 .text.UART_EndTxTransfer
                0x08002000       0x20 build/stm32f4xx_hal_uart.o
 .text.UART_EndRxTransfer
                0x08002020       0x5c build/stm32f4xx_hal_uart.o
 .text.UART_Transmit_IT
                0x0800207c       0x60 build/stm32f4xx_hal_uart.o
 .text.UART_SetConfig
                0x080020dc      0x110 build/stm32f4xx_hal_uart.o
 .text.HAL_UART_Init
                0x080021ec       0x5e build/stm32f4xx_hal_uart.o
                0x080021ec                HAL_UART_Init
 *fill*         0x0800224a        0x2 
 .text.HAL_UART_Transmit_DMA
                0x0800224c       0x9c build/stm32f4xx_hal_uart.o
                0x0800224c                HAL_UART_Transmit_DMA
 .text.HAL_UART_TxCpltCallback
                0x080022e8        0x2 build/stm32f4xx_hal_uart.o
                0x080022e8                HAL_UART_TxCpltCallback
 .text.UART_DMATransmitCplt
                0x080022ea       0x4c build/stm32f4xx_hal_uart.o
 .text.UART_EndTransmit_IT
                0x08002336       0x1a build/stm32f4xx_hal_uart.o
 .text.HAL_UART_TxHalfCpltCallback
                0x08002350        0x2 build/stm32f4xx_hal_uart.o
                0x08002350                HAL_UART_TxHalfCpltCallback
 .text.UART_DMATxHalfCplt
                0x08002352        0xa build/stm32f4xx_hal_uart.o
 .text.HAL_UART_RxCpltCallback
                0x0800235c        0x2 build/stm32f4xx_hal_uart.o
                0x0800235c                HAL_UART_RxCpltCallback
 .text.HAL_UART_ErrorCallback
                0x0800235e        0x2 build/stm32f4xx_hal_uart.o
                0x0800235e                HAL_UART_ErrorCallback
 .text.UART_DMAError
                0x08002360       0x58 build/stm32f4xx_hal_uart.o
 .text.UART_DMAAbortOnError
                0x080023b8       0x10 build/stm32f4xx_hal_uart.o
 .text.HAL_UARTEx_RxEventCallback
                0x080023c8        0x2 build/stm32f4xx_hal_uart.o
                0x080023c8                HAL_UARTEx_RxEventCallback
 .text.UART_Receive_IT
                0x080023ca       0xe2 build/stm32f4xx_hal_uart.o
 .text.HAL_UART_IRQHandler
                0x080024ac      0x280 build/stm32f4xx_hal_uart.o
                0x080024ac                HAL_UART_IRQHandler
 .text.Reset_Handler
                0x0800272c       0x50 build/startup_stm32f405xx.o
                0x0800272c                Reset_Handler
 .text.Default_Handler
                0x0800277c        0x2 build/startup_stm32f405xx.o
                0x0800277c                RTC_Alarm_IRQHandler
                0x0800277c                HASH_RNG_IRQHandler
                0x0800277c                EXTI2_IRQHandler
                0x0800277c                TIM8_CC_IRQHandler
                0x0800277c                TIM1_CC_IRQHandler
                0x0800277c                DMA2_Stream5_IRQHandler
                0x0800277c                DMA1_Stream5_IRQHandler
                0x0800277c                PVD_IRQHandler
                0x0800277c                SDIO_IRQHandler
                0x0800277c                TAMP_STAMP_IRQHandler
                0x0800277c                CAN2_RX1_IRQHandler
                0x0800277c                EXTI3_IRQHandler
                0x0800277c                TIM8_TRG_COM_TIM14_IRQHandler
                0x0800277c                TIM1_UP_TIM10_IRQHandler
                0x0800277c                TIM8_UP_TIM13_IRQHandler
                0x0800277c                I2C3_ER_IRQHandler
                0x0800277c                EXTI0_IRQHandler
                0x0800277c                I2C2_EV_IRQHandler
                0x0800277c                DMA1_Stream2_IRQHandler
                0x0800277c                CAN1_RX0_IRQHandler
                0x0800277c                FPU_IRQHandler
                0x0800277c                OTG_HS_WKUP_IRQHandler
                0x0800277c                CAN2_SCE_IRQHandler
                0x0800277c                DMA2_Stream2_IRQHandler
                0x0800277c                TIM6_DAC_IRQHandler
                0x0800277c                TIM1_BRK_TIM9_IRQHandler
                0x0800277c                CAN2_RX0_IRQHandler
                0x0800277c                USART6_IRQHandler
                0x0800277c                USART3_IRQHandler
                0x0800277c                CAN1_RX1_IRQHandler
                0x0800277c                UART5_IRQHandler
                0x0800277c                DMA2_Stream0_IRQHandler
                0x0800277c                TIM4_IRQHandler
                0x0800277c                I2C1_EV_IRQHandler
                0x0800277c                DMA1_Stream6_IRQHandler
                0x0800277c                DMA1_Stream1_IRQHandler
                0x0800277c                UART4_IRQHandler
                0x0800277c                TIM3_IRQHandler
                0x0800277c                RCC_IRQHandler
                0x0800277c                TIM8_BRK_TIM12_IRQHandler
                0x0800277c                Default_Handler
                0x0800277c                EXTI15_10_IRQHandler
                0x0800277c                ADC_IRQHandler
                0x0800277c                DMA1_Stream7_IRQHandler
                0x0800277c                TIM7_IRQHandler
                0x0800277c                CAN2_TX_IRQHandler
                0x0800277c                TIM5_IRQHandler
                0x0800277c                DMA2_Stream7_IRQHandler
                0x0800277c                I2C3_EV_IRQHandler
                0x0800277c                EXTI9_5_IRQHandler
                0x0800277c                RTC_WKUP_IRQHandler
                0x0800277c                SPI2_IRQHandler
                0x0800277c                OTG_HS_EP1_IN_IRQHandler
                0x0800277c                DMA1_Stream0_IRQHandler
                0x0800277c                CAN1_TX_IRQHandler
                0x0800277c                EXTI4_IRQHandler
                0x0800277c                FSMC_IRQHandler
                0x0800277c                OTG_HS_EP1_OUT_IRQHandler
                0x0800277c                WWDG_IRQHandler
                0x0800277c                TIM2_IRQHandler
                0x0800277c                OTG_FS_WKUP_IRQHandler
                0x0800277c                TIM1_TRG_COM_TIM11_IRQHandler
                0x0800277c                OTG_HS_IRQHandler
                0x0800277c                EXTI1_IRQHandler
                0x0800277c                I2C2_ER_IRQHandler
                0x0800277c                DMA2_Stream1_IRQHandler
                0x0800277c                CAN1_SCE_IRQHandler
                0x0800277c                FLASH_IRQHandler
                0x0800277c                DMA2_Stream4_IRQHandler
                0x0800277c                USART1_IRQHandler
                0x0800277c                OTG_FS_IRQHandler
                0x0800277c                SPI3_IRQHandler
                0x0800277c                DMA1_Stream4_IRQHandler
                0x0800277c                I2C1_ER_IRQHandler
                0x0800277c                DMA2_Stream6_IRQHandler
                0x0800277c                DMA1_Stream3_IRQHandler
 *fill*         0x0800277e        0x2 
 .text.__libc_init_array
                0x08002780       0x48 c:/program files (x86)/gnu arm embedded toolchain/10 2021.07/bin/../lib/gcc/arm-none-eabi/10.3.1/../../../../arm-none-eabi/lib/thumb/v7e-m+fp/hard\libc_nano.a(lib_a-init.o)
                0x08002780                __libc_init_array
 .text.memset   0x080027c8       0x10 c:/program files (x86)/gnu arm embedded toolchain/10 2021.07/bin/../lib/gcc/arm-none-eabi/10.3.1/../../../../arm-none-eabi/lib/thumb/v7e-m+fp/hard\libc_nano.a(lib_a-memset.o)
                0x080027c8                memset
 *(.glue_7)
 .glue_7        0x080027d8        0x0 linker stubs
 *(.glue_7t)
 .glue_7t       0x080027d8        0x0 linker stubs
 *(.eh_frame)
 .eh_frame      0x080027d8        0x0 c:/program files (x86)/gnu arm embedded toolchain/10 2021.07/bin/../lib/gcc/arm-none-eabi/10.3.1/thumb/v7e-m+fp/hard/crtbegin.o
 *(.init)
 .init          0x080027d8        0x4 c:/program files (x86)/gnu arm embedded toolchain/10 2021.07/bin/../lib/gcc/arm-none-eabi/10.3.1/thumb/v7e-m+fp/hard/crti.o
                0x080027d8                _init
 .init          0x080027dc        0x8 c:/program files (x86)/gnu arm embedded toolchain/10 2021.07/bin/../lib/gcc/arm-none-eabi/10.3.1/thumb/v7e-m+fp/hard/crtn.o
 *(.fini)
 .fini          0x080027e4        0x4 c:/program files (x86)/gnu arm embedded toolchain/10 2021.07/bin/../lib/gcc/arm-none-eabi/10.3.1/thumb/v7e-m+fp/hard/crti.o
                0x080027e4                _fini
 .fini          0x080027e8        0x8 c:/program files (x86)/gnu arm embedded toolchain/10 2021.07/bin/../lib/gcc/arm-none-eabi/10.3.1/thumb/v7e-m+fp/hard/crtn.o
                0x080027f0                . = ALIGN (0x4)
                0x080027f0                _etext = .

.vfp11_veneer   0x080027f0        0x0
 .vfp11_veneer  0x080027f0        0x0 linker stubs

.v4_bx          0x080027f0        0x0
 .v4_bx         0x080027f0        0x0 linker stubs

.iplt           0x080027f0        0x0
 .iplt          0x080027f0        0x0 c:/program files (x86)/gnu arm embedded toolchain/10 2021.07/bin/../lib/gcc/arm-none-eabi/10.3.1/thumb/v7e-m+fp/hard/crtbegin.o

.rodata         0x080027f0      0x28c
                0x080027f0                . = ALIGN (0x4)
 *(.rodata)
 *(.rodata*)
 .rodata.main.str1.4
                0x080027f0       0x21 build/main.o
 *fill*         0x08002811        0x3 
 .rodata.AHBPrescTable
                0x08002814       0x10 build/system_stm32f4xx.o
                0x08002814                AHBPrescTable
 .rodata.APBPrescTable
                0x08002824        0x8 build/system_stm32f4xx.o
                0x08002824                APBPrescTable
 .rodata.ssd1306xled_font6x8
                0x0800282c      0x245 build/ssd1306_fonts.o
                0x0800282c                ssd1306xled_font6x8
 *fill*         0x08002a71        0x3 
 .rodata.flagBitshiftOffset.0
                0x08002a74        0x8 build/stm32f4xx_hal_dma.o
                0x08002a7c                . = ALIGN (0x4)

.ARM.extab
 *(.ARM.extab* .gnu.linkonce.armextab.*)

.ARM            0x08002a7c        0x8
                0x08002a7c                __exidx_start = .
 *(.ARM.exidx*)
 .ARM.exidx     0x08002a7c        0x8 c:/program files (x86)/gnu arm embedded toolchain/10 2021.07/bin/../lib/gcc/arm-none-eabi/10.3.1/thumb/v7e-m+fp/hard\libgcc.a(_udivmoddi4.o)
                0x08002a84                __exidx_end = .

.rel.dyn        0x08002a84        0x0
 .rel.iplt      0x08002a84        0x0 c:/program files (x86)/gnu arm embedded toolchain/10 2021.07/bin/../lib/gcc/arm-none-eabi/10.3.1/thumb/v7e-m+fp/hard/crtbegin.o

.preinit_array  0x08002a84        0x0
                0x08002a84                PROVIDE (__preinit_array_start = .)
 *(.preinit_array*)
                0x08002a84                PROVIDE (__preinit_array_end = .)

.init_array     0x08002a84        0x4
                0x08002a84                PROVIDE (__init_array_start = .)
 *(SORT_BY_NAME(.init_array.*))
 *(.init_array*)
 .init_array    0x08002a84        0x4 c:/program files (x86)/gnu arm embedded toolchain/10 2021.07/bin/../lib/gcc/arm-none-eabi/10.3.1/thumb/v7e-m+fp/hard/crtbegin.o
                0x08002a88                PROVIDE (__init_array_end = .)

.fini_array     0x08002a88        0x4
                [!provide]                PROVIDE (__fini_array_start = .)
 *(SORT_BY_NAME(.fini_array.*))
 *(.fini_array*)
 .fini_array    0x08002a88        0x4 c:/program files (x86)/gnu arm embedded toolchain/10 2021.07/bin/../lib/gcc/arm-none-eabi/10.3.1/thumb/v7e-m+fp/hard/crtbegin.o
                [!provide]                PROVIDE (__fini_array_end = .)
                0x08002a8c                _sidata = LOADADDR (.data)

.data           0x20000000        0xc load address 0x08002a8c
                0x20000000                . = ALIGN (0x4)
                0x20000000                _sdata = .
 *(.data)
 *(.data*)
 .data.SystemCoreClock
                0x20000000        0x4 build/system_stm32f4xx.o
                0x20000000                SystemCoreClock
 .data.uwTickFreq
                0x20000004        0x1 build/stm32f4xx_hal.o
                0x20000004                uwTickFreq
 *fill*         0x20000005        0x3 
 .data.uwTickPrio
                0x20000008        0x4 build/stm32f4xx_hal.o
                0x20000008                uwTickPrio
                0x2000000c                . = ALIGN (0x4)
                0x2000000c                _edata = .
                0x08002a98                _siccmram = LOADADDR (.ccmram)

.igot.plt       0x2000000c        0x0 load address 0x08002a98
 .igot.plt      0x2000000c        0x0 c:/program files (x86)/gnu arm embedded toolchain/10 2021.07/bin/../lib/gcc/arm-none-eabi/10.3.1/thumb/v7e-m+fp/hard/crtbegin.o

.ccmram         0x10000000        0x0 load address 0x08002a98
                0x10000000                . = ALIGN (0x4)
                0x10000000                _sccmram = .
 *(.ccmram)
 *(.ccmram*)
                0x10000000                . = ALIGN (0x4)
                0x10000000                _eccmram = .
                0x10000000                . = ALIGN (0x4)

.bss            0x2000000c      0x17c
                0x2000000c                _sbss = .
                0x2000000c                __bss_start__ = _sbss
 *(.bss)
 .bss           0x2000000c       0x1c c:/program files (x86)/gnu arm embedded toolchain/10 2021.07/bin/../lib/gcc/arm-none-eabi/10.3.1/thumb/v7e-m+fp/hard/crtbegin.o
 *(.bss*)
 .bss.hdma_memtomem_dma2_stream0
                0x20000028       0x60 build/dma.o
                0x20000028                hdma_memtomem_dma2_stream0
 .bss.hdma_spi1_tx
                0x20000088       0x60 build/spi.o
                0x20000088                hdma_spi1_tx
 .bss.hspi1     0x200000e8       0x58 build/spi.o
                0x200000e8                hspi1
 .bss.huart2    0x20000140       0x44 build/usart.o
                0x20000140                huart2
 .bss.uwTick    0x20000184        0x4 build/stm32f4xx_hal.o
                0x20000184                uwTick
 *(COMMON)
                0x20000188                . = ALIGN (0x4)
                0x20000188                _ebss = .
                0x20000188                __bss_end__ = _ebss

._user_heap_stack
                0x20000188      0x600
                0x20000188                . = ALIGN (0x8)
                [!provide]                PROVIDE (end = .)
                [!provide]                PROVIDE (_end = .)
                0x20000388                . = (. + _Min_Heap_Size)
 *fill*         0x20000188      0x200 
                0x20000788                . = (. + _Min_Stack_Size)
 *fill*         0x20000388      0x400 
                0x20000788                . = ALIGN (0x8)

/DISCARD/
 libc.a(*)
 libm.a(*)
 libgcc.a(*)

.ARM.attributes
                0x00000000       0x30
 *(.ARM.attributes)
 .ARM.attributes
                0x00000000       0x1e c:/program files (x86)/gnu arm embedded toolchain/10 2021.07/bin/../lib/gcc/arm-none-eabi/10.3.1/thumb/v7e-m+fp/hard/crti.o
 .ARM.attributes
                0x0000001e       0x34 c:/program files (x86)/gnu arm embedded toolchain/10 2021.07/bin/../lib/gcc/arm-none-eabi/10.3.1/thumb/v7e-m+fp/hard/crtbegin.o
 .ARM.attributes
                0x00000052       0x34 build/dma.o
 .ARM.attributes
                0x00000086       0x34 build/gpio.o
 .ARM.attributes
                0x000000ba       0x34 build/main.o
 .ARM.attributes
                0x000000ee       0x34 build/spi.o
 .ARM.attributes
                0x00000122       0x34 build/stm32f4xx_hal_msp.o
 .ARM.attributes
                0x00000156       0x34 build/stm32f4xx_it.o
 .ARM.attributes
                0x0000018a       0x34 build/system_stm32f4xx.o
 .ARM.attributes
                0x000001be       0x34 build/usart.o
 .ARM.attributes
                0x000001f2       0x34 build/ssd1306.o
 .ARM.attributes
                0x00000226       0x39 build/ssd1306_fonts.o
 .ARM.attributes
                0x0000025f       0x34 build/stm32f4xx_hal.o
 .ARM.attributes
                0x00000293       0x34 build/stm32f4xx_hal_cortex.o
 .ARM.attributes
                0x000002c7       0x34 build/stm32f4xx_hal_dma.o
 .ARM.attributes
                0x000002fb       0x34 build/stm32f4xx_hal_gpio.o
 .ARM.attributes
                0x0000032f       0x34 build/stm32f4xx_hal_rcc.o
 .ARM.attributes
                0x00000363       0x34 build/stm32f4xx_hal_spi.o
 .ARM.attributes
                0x00000397       0x34 build/stm32f4xx_hal_uart.o
 .ARM.attributes
                0x000003cb       0x21 build/startup_stm32f405xx.o
 .ARM.attributes
                0x000003ec       0x34 c:/program files (x86)/gnu arm embedded toolchain/10 2021.07/bin/../lib/gcc/arm-none-eabi/10.3.1/../../../../arm-none-eabi/lib/thumb/v7e-m+fp/hard\libc_nano.a(lib_a-init.o)
 .ARM.attributes
                0x00000420       0x34 c:/program files (x86)/gnu arm embedded toolchain/10 2021.07/bin/../lib/gcc/arm-none-eabi/10.3.1/../../../../arm-none-eabi/lib/thumb/v7e-m+fp/hard\libc_nano.a(lib_a-memset.o)
 .ARM.attributes
                0x00000454       0x17 c:/program files (x86)/gnu arm embedded toolchain/10 2021.07/bin/../lib/gcc/arm-none-eabi/10.3.1/../../../../arm-none-eabi/lib/thumb/v7e-m+fp/hard\libc_nano.a(lib_a-strlen.o)
 .ARM.attributes
                0x0000046b       0x1e c:/program files (x86)/gnu arm embedded toolchain/10 2021.07/bin/../lib/gcc/arm-none-eabi/10.3.1/thumb/v7e-m+fp/hard\libgcc.a(_aeabi_uldivmod.o)
 .ARM.attributes
                0x00000489       0x34 c:/program files (x86)/gnu arm embedded toolchain/10 2021.07/bin/../lib/gcc/arm-none-eabi/10.3.1/thumb/v7e-m+fp/hard\libgcc.a(_udivmoddi4.o)
 .ARM.attributes
                0x000004bd       0x1e c:/program files (x86)/gnu arm embedded toolchain/10 2021.07/bin/../lib/gcc/arm-none-eabi/10.3.1/thumb/v7e-m+fp/hard\libgcc.a(_dvmd_tls.o)
 .ARM.attributes
                0x000004db       0x1e c:/program files (x86)/gnu arm embedded toolchain/10 2021.07/bin/../lib/gcc/arm-none-eabi/10.3.1/thumb/v7e-m+fp/hard/crtn.o
OUTPUT(build/ssd1306_spi.elf elf32-littlearm)
LOAD linker stubs
LOAD c:/program files (x86)/gnu arm embedded toolchain/10 2021.07/bin/../lib/gcc/arm-none-eabi/10.3.1/../../../../arm-none-eabi/lib/thumb/v7e-m+fp/hard\libc.a
LOAD c:/program files (x86)/gnu arm embedded toolchain/10 2021.07/bin/../lib/gcc/arm-none-eabi/10.3.1/../../../../arm-none-eabi/lib/thumb/v7e-m+fp/hard\libm.a
LOAD c:/program files (x86)/gnu arm embedded toolchain/10 2021.07/bin/../lib/gcc/arm-none-eabi/10.3.1/thumb/v7e-m+fp/hard\libgcc.a

.debug_info     0x00000000     0xfdcc
 .debug_info    0x00000000      0x871 build/dma.o
 .debug_info    0x00000871      0x553 build/gpio.o
 .debug_info    0x00000dc4      0xe2d build/main.o
 .debug_info    0x00001bf1      0xdfd build/spi.o
 .debug_info    0x000029ee      0x2eb build/stm32f4xx_hal_msp.o
 .debug_info    0x00002cd9      0xa67 build/stm32f4xx_it.o
 .debug_info    0x00003740      0x5b3 build/system_stm32f4xx.o
 .debug_info    0x00003cf3      0xd3b build/usart.o
 .debug_info    0x00004a2e     0x1138 build/ssd1306.o
 .debug_info    0x00005b66      0x245 build/ssd1306_fonts.o
 .debug_info    0x00005dab      0xabd build/stm32f4xx_hal.o
 .debug_info    0x00006868     0x1162 build/stm32f4xx_hal_cortex.o
 .debug_info    0x000079ca      0xbd1 build/stm32f4xx_hal_dma.o
 .debug_info    0x0000859b      0x848 build/stm32f4xx_hal_gpio.o
 .debug_info    0x00008de3      0xbe6 build/stm32f4xx_hal_rcc.o
 .debug_info    0x000099c9     0x2015 build/stm32f4xx_hal_spi.o
 .debug_info    0x0000b9de     0x43cc build/stm32f4xx_hal_uart.o
 .debug_info    0x0000fdaa       0x22 build/startup_stm32f405xx.o

.debug_abbrev   0x00000000     0x228e
 .debug_abbrev  0x00000000      0x1b0 build/dma.o
 .debug_abbrev  0x000001b0      0x151 build/gpio.o
 .debug_abbrev  0x00000301      0x230 build/main.o
 .debug_abbrev  0x00000531      0x1f3 build/spi.o
 .debug_abbrev  0x00000724       0xd3 build/stm32f4xx_hal_msp.o
 .debug_abbrev  0x000007f7      0x17c build/stm32f4xx_it.o
 .debug_abbrev  0x00000973      0x11b build/system_stm32f4xx.o
 .debug_abbrev  0x00000a8e      0x1e0 build/usart.o
 .debug_abbrev  0x00000c6e      0x229 build/ssd1306.o
 .debug_abbrev  0x00000e97       0x91 build/ssd1306_fonts.o
 .debug_abbrev  0x00000f28      0x209 build/stm32f4xx_hal.o
 .debug_abbrev  0x00001131      0x382 build/stm32f4xx_hal_cortex.o
 .debug_abbrev  0x000014b3      0x2ff build/stm32f4xx_hal_dma.o
 .debug_abbrev  0x000017b2      0x22b build/stm32f4xx_hal_gpio.o
 .debug_abbrev  0x000019dd      0x2aa build/stm32f4xx_hal_rcc.o
 .debug_abbrev  0x00001c87      0x2a6 build/stm32f4xx_hal_spi.o
 .debug_abbrev  0x00001f2d      0x34f build/stm32f4xx_hal_uart.o
 .debug_abbrev  0x0000227c       0x12 build/startup_stm32f405xx.o

.debug_loc      0x00000000     0xa32c
 .debug_loc     0x00000000       0x44 build/dma.o
 .debug_loc     0x00000044       0x39 build/gpio.o
 .debug_loc     0x0000007d       0x87 build/main.o
 .debug_loc     0x00000104       0xf5 build/spi.o
 .debug_loc     0x000001f9       0x2c build/stm32f4xx_hal_msp.o
 .debug_loc     0x00000225       0x80 build/stm32f4xx_it.o
 .debug_loc     0x000002a5      0x158 build/system_stm32f4xx.o
 .debug_loc     0x000003fd      0x108 build/usart.o
 .debug_loc     0x00000505      0x539 build/ssd1306.o
 .debug_loc     0x00000a3e      0x1e1 build/stm32f4xx_hal.o
 .debug_loc     0x00000c1f      0x7a4 build/stm32f4xx_hal_cortex.o
 .debug_loc     0x000013c3      0xd6d build/stm32f4xx_hal_dma.o
 .debug_loc     0x00002130      0x5e8 build/stm32f4xx_hal_gpio.o
 .debug_loc     0x00002718      0x6e4 build/stm32f4xx_hal_rcc.o
 .debug_loc     0x00002dfc     0x2501 build/stm32f4xx_hal_spi.o
 .debug_loc     0x000052fd     0x502f build/stm32f4xx_hal_uart.o

.debug_aranges  0x00000000      0x910
 .debug_aranges
                0x00000000       0x20 build/dma.o
 .debug_aranges
                0x00000020       0x20 build/gpio.o
 .debug_aranges
                0x00000040       0x30 build/main.o
 .debug_aranges
                0x00000070       0x30 build/spi.o
 .debug_aranges
                0x000000a0       0x20 build/stm32f4xx_hal_msp.o
 .debug_aranges
                0x000000c0       0x78 build/stm32f4xx_it.o
 .debug_aranges
                0x00000138       0x28 build/system_stm32f4xx.o
 .debug_aranges
                0x00000160       0x30 build/usart.o
 .debug_aranges
                0x00000190       0x68 build/ssd1306.o
 .debug_aranges
                0x000001f8       0x18 build/ssd1306_fonts.o
 .debug_aranges
                0x00000210       0xf0 build/stm32f4xx_hal.o
 .debug_aranges
                0x00000300       0xa8 build/stm32f4xx_hal_cortex.o
 .debug_aranges
                0x000003a8       0x90 build/stm32f4xx_hal_dma.o
 .debug_aranges
                0x00000438       0x58 build/stm32f4xx_hal_gpio.o
 .debug_aranges
                0x00000490       0x88 build/stm32f4xx_hal_rcc.o
 .debug_aranges
                0x00000518      0x1d0 build/stm32f4xx_hal_spi.o
 .debug_aranges
                0x000006e8      0x200 build/stm32f4xx_hal_uart.o
 .debug_aranges
                0x000008e8       0x28 build/startup_stm32f405xx.o

.debug_ranges   0x00000000      0x898
 .debug_ranges  0x00000000       0x10 build/dma.o
 .debug_ranges  0x00000010       0x10 build/gpio.o
 .debug_ranges  0x00000020       0x20 build/main.o
 .debug_ranges  0x00000040       0x20 build/spi.o
 .debug_ranges  0x00000060       0x10 build/stm32f4xx_hal_msp.o
 .debug_ranges  0x00000070       0x68 build/stm32f4xx_it.o
 .debug_ranges  0x000000d8       0x18 build/system_stm32f4xx.o
 .debug_ranges  0x000000f0       0x20 build/usart.o
 .debug_ranges  0x00000110       0x70 build/ssd1306.o
 .debug_ranges  0x00000180       0xe0 build/stm32f4xx_hal.o
 .debug_ranges  0x00000260       0xf8 build/stm32f4xx_hal_cortex.o
 .debug_ranges  0x00000358       0x80 build/stm32f4xx_hal_dma.o
 .debug_ranges  0x000003d8       0x48 build/stm32f4xx_hal_gpio.o
 .debug_ranges  0x00000420       0x90 build/stm32f4xx_hal_rcc.o
 .debug_ranges  0x000004b0      0x1c0 build/stm32f4xx_hal_spi.o
 .debug_ranges  0x00000670      0x208 build/stm32f4xx_hal_uart.o
 .debug_ranges  0x00000878       0x20 build/startup_stm32f405xx.o

.debug_line     0x00000000     0xb582
 .debug_line    0x00000000      0x25a build/dma.o
 .debug_line    0x0000025a      0x214 build/gpio.o
 .debug_line    0x0000046e      0x3bf build/main.o
 .debug_line    0x0000082d      0x376 build/spi.o
 .debug_line    0x00000ba3      0x16f build/stm32f4xx_hal_msp.o
 .debug_line    0x00000d12      0x32d build/stm32f4xx_it.o
 .debug_line    0x0000103f      0x264 build/system_stm32f4xx.o
 .debug_line    0x000012a3      0x2fa build/usart.o
 .debug_line    0x0000159d      0x609 build/ssd1306.o
 .debug_line    0x00001ba6      0x123 build/ssd1306_fonts.o
 .debug_line    0x00001cc9      0x579 build/stm32f4xx_hal.o
 .debug_line    0x00002242      0x78c build/stm32f4xx_hal_cortex.o
 .debug_line    0x000029ce      0xe3c build/stm32f4xx_hal_dma.o
 .debug_line    0x0000380a      0x6f5 build/stm32f4xx_hal_gpio.o
 .debug_line    0x00003eff      0xb24 build/stm32f4xx_hal_rcc.o
 .debug_line    0x00004a23     0x24fd build/stm32f4xx_hal_spi.o
 .debug_line    0x00006f20     0x45ec build/stm32f4xx_hal_uart.o
 .debug_line    0x0000b50c       0x76 build/startup_stm32f405xx.o

.debug_str      0x00000000     0x2c49
 .debug_str     0x00000000      0x9c5 build/dma.o
                                0xa32 (size before relaxing)
 .debug_str     0x000009c5       0xcc build/gpio.o
                                0x354 (size before relaxing)
 .debug_str     0x00000a91      0x3eb build/main.o
                                0x989 (size before relaxing)
 .debug_str     0x00000e7c      0x1fe build/spi.o
                                0xd0f (size before relaxing)
 .debug_str     0x0000107a       0x29 build/stm32f4xx_hal_msp.o
                                0x2a3 (size before relaxing)
 .debug_str     0x000010a3      0x128 build/stm32f4xx_it.o
                                0x88a (size before relaxing)
 .debug_str     0x000011cb       0xd8 build/system_stm32f4xx.o
                                0x35d (size before relaxing)
 .debug_str     0x000012a3       0x4e build/usart.o
                                0xced (size before relaxing)
 .debug_str     0x000012f1       0xbc build/ssd1306.o
                                0x713 (size before relaxing)
 .debug_str     0x000013ad       0xab build/ssd1306_fonts.o
                                0x228 (size before relaxing)
 .debug_str     0x00001458      0x33e build/stm32f4xx_hal.o
                                0xb21 (size before relaxing)
 .debug_str     0x00001796      0x42e build/stm32f4xx_hal_cortex.o
                                0xbf3 (size before relaxing)
 .debug_str     0x00001bc4      0x2d9 build/stm32f4xx_hal_dma.o
                                0x75e (size before relaxing)
 .debug_str     0x00001e9d      0x112 build/stm32f4xx_hal_gpio.o
                                0x4c8 (size before relaxing)
 .debug_str     0x00001faf      0x1a1 build/stm32f4xx_hal_rcc.o
                                0x6ee (size before relaxing)
 .debug_str     0x00002150      0x508 build/stm32f4xx_hal_spi.o
                                0xbe2 (size before relaxing)
 .debug_str     0x00002658      0x5cd build/stm32f4xx_hal_uart.o
                                0xd41 (size before relaxing)
 .debug_str     0x00002c25       0x24 build/startup_stm32f405xx.o
                                 0x52 (size before relaxing)

.comment        0x00000000       0x49
 .comment       0x00000000       0x49 build/dma.o
                                 0x4a (size before relaxing)
 .comment       0x00000049       0x4a build/gpio.o
 .comment       0x00000049       0x4a build/main.o
 .comment       0x00000049       0x4a build/spi.o
 .comment       0x00000049       0x4a build/stm32f4xx_hal_msp.o
 .comment       0x00000049       0x4a build/stm32f4xx_it.o
 .comment       0x00000049       0x4a build/system_stm32f4xx.o
 .comment       0x00000049       0x4a build/usart.o
 .comment       0x00000049       0x4a build/ssd1306.o
 .comment       0x00000049       0x4a build/ssd1306_fonts.o
 .comment       0x00000049       0x4a build/stm32f4xx_hal.o
 .comment       0x00000049       0x4a build/stm32f4xx_hal_cortex.o
 .comment       0x00000049       0x4a build/stm32f4xx_hal_dma.o
 .comment       0x00000049       0x4a build/stm32f4xx_hal_gpio.o
 .comment       0x00000049       0x4a build/stm32f4xx_hal_rcc.o
 .comment       0x00000049       0x4a build/stm32f4xx_hal_spi.o
 .comment       0x00000049       0x4a build/stm32f4xx_hal_uart.o

.debug_frame    0x00000000     0x1718
 .debug_frame   0x00000000       0x30 build/dma.o
 .debug_frame   0x00000030       0x38 build/gpio.o
 .debug_frame   0x00000068       0x5c build/main.o
 .debug_frame   0x000000c4       0x64 build/spi.o
 .debug_frame   0x00000128       0x28 build/stm32f4xx_hal_msp.o
 .debug_frame   0x00000150       0xf0 build/stm32f4xx_it.o
 .debug_frame   0x00000240       0x30 build/system_stm32f4xx.o
 .debug_frame   0x00000270       0x60 build/usart.o
 .debug_frame   0x000002d0      0x12c build/ssd1306.o
 .debug_frame   0x000003fc      0x1ec build/stm32f4xx_hal.o
 .debug_frame   0x000005e8      0x148 build/stm32f4xx_hal_cortex.o
 .debug_frame   0x00000730      0x188 build/stm32f4xx_hal_dma.o
 .debug_frame   0x000008b8       0xd8 build/stm32f4xx_hal_gpio.o
 .debug_frame   0x00000990      0x16c build/stm32f4xx_hal_rcc.o
 .debug_frame   0x00000afc      0x5a4 build/stm32f4xx_hal_spi.o
 .debug_frame   0x000010a0      0x5cc build/stm32f4xx_hal_uart.o
 .debug_frame   0x0000166c       0x2c c:/program files (x86)/gnu arm embedded toolchain/10 2021.07/bin/../lib/gcc/arm-none-eabi/10.3.1/../../../../arm-none-eabi/lib/thumb/v7e-m+fp/hard\libc_nano.a(lib_a-init.o)
 .debug_frame   0x00001698       0x20 c:/program files (x86)/gnu arm embedded toolchain/10 2021.07/bin/../lib/gcc/arm-none-eabi/10.3.1/../../../../arm-none-eabi/lib/thumb/v7e-m+fp/hard\libc_nano.a(lib_a-memset.o)
 .debug_frame   0x000016b8       0x2c c:/program files (x86)/gnu arm embedded toolchain/10 2021.07/bin/../lib/gcc/arm-none-eabi/10.3.1/thumb/v7e-m+fp/hard\libgcc.a(_aeabi_uldivmod.o)
 .debug_frame   0x000016e4       0x34 c:/program files (x86)/gnu arm embedded toolchain/10 2021.07/bin/../lib/gcc/arm-none-eabi/10.3.1/thumb/v7e-m+fp/hard\libgcc.a(_udivmoddi4.o)

Cross Reference Table

Symbol                                            File
ADC_IRQHandler                                    build/startup_stm32f405xx.o
AHBPrescTable                                     build/system_stm32f4xx.o
                                                  build/stm32f4xx_hal_rcc.o
APBPrescTable                                     build/system_stm32f4xx.o
                                                  build/stm32f4xx_hal_rcc.o
BusFault_Handler                                  build/stm32f4xx_it.o
CAN1_RX0_IRQHandler                               build/startup_stm32f405xx.o
CAN1_RX1_IRQHandler                               build/startup_stm32f405xx.o
CAN1_SCE_IRQHandler                               build/startup_stm32f405xx.o
CAN1_TX_IRQHandler                                build/startup_stm32f405xx.o
CAN2_RX0_IRQHandler                               build/startup_stm32f405xx.o
CAN2_RX1_IRQHandler                               build/startup_stm32f405xx.o
CAN2_SCE_IRQHandler                               build/startup_stm32f405xx.o
CAN2_TX_IRQHandler                                build/startup_stm32f405xx.o
DMA1_Stream0_IRQHandler                           build/startup_stm32f405xx.o
DMA1_Stream1_IRQHandler                           build/startup_stm32f405xx.o
DMA1_Stream2_IRQHandler                           build/startup_stm32f405xx.o
DMA1_Stream3_IRQHandler                           build/startup_stm32f405xx.o
DMA1_Stream4_IRQHandler                           build/startup_stm32f405xx.o
DMA1_Stream5_IRQHandler                           build/startup_stm32f405xx.o
DMA1_Stream6_IRQHandler                           build/startup_stm32f405xx.o
DMA1_Stream7_IRQHandler                           build/startup_stm32f405xx.o
DMA2_Stream0_IRQHandler                           build/startup_stm32f405xx.o
DMA2_Stream1_IRQHandler                           build/startup_stm32f405xx.o
DMA2_Stream2_IRQHandler                           build/startup_stm32f405xx.o
DMA2_Stream3_IRQHandler                           build/stm32f4xx_it.o
DMA2_Stream4_IRQHandler                           build/startup_stm32f405xx.o
DMA2_Stream5_IRQHandler                           build/startup_stm32f405xx.o
DMA2_Stream6_IRQHandler                           build/startup_stm32f405xx.o
DMA2_Stream7_IRQHandler                           build/startup_stm32f405xx.o
DebugMon_Handler                                  build/stm32f4xx_it.o
Default_Handler                                   build/startup_stm32f405xx.o
EXTI0_IRQHandler                                  build/startup_stm32f405xx.o
EXTI15_10_IRQHandler                              build/startup_stm32f405xx.o
EXTI1_IRQHandler                                  build/startup_stm32f405xx.o
EXTI2_IRQHandler                                  build/startup_stm32f405xx.o
EXTI3_IRQHandler                                  build/startup_stm32f405xx.o
EXTI4_IRQHandler                                  build/startup_stm32f405xx.o
EXTI9_5_IRQHandler                                build/startup_stm32f405xx.o
Error_Handler                                     build/main.o
                                                  build/usart.o
                                                  build/spi.o
                                                  build/dma.o
FLASH_Erase_Sector                                build/stm32f4xx_hal_flash_ex.o
                                                  build/stm32f4xx_hal_flash.o
FLASH_FlushCaches                                 build/stm32f4xx_hal_flash_ex.o
                                                  build/stm32f4xx_hal_flash.o
FLASH_IRQHandler                                  build/startup_stm32f405xx.o
FLASH_WaitForLastOperation                        build/stm32f4xx_hal_flash.o
                                                  build/stm32f4xx_hal_flash_ex.o
FPU_IRQHandler                                    build/startup_stm32f405xx.o
FSMC_IRQHandler                                   build/startup_stm32f405xx.o
HAL_DBGMCU_DisableDBGSleepMode                    build/stm32f4xx_hal.o
HAL_DBGMCU_DisableDBGStandbyMode                  build/stm32f4xx_hal.o
HAL_DBGMCU_DisableDBGStopMode                     build/stm32f4xx_hal.o
HAL_DBGMCU_EnableDBGSleepMode                     build/stm32f4xx_hal.o
HAL_DBGMCU_EnableDBGStandbyMode                   build/stm32f4xx_hal.o
HAL_DBGMCU_EnableDBGStopMode                      build/stm32f4xx_hal.o
HAL_DMAEx_ChangeMemory                            build/stm32f4xx_hal_dma_ex.o
HAL_DMAEx_MultiBufferStart                        build/stm32f4xx_hal_dma_ex.o
HAL_DMAEx_MultiBufferStart_IT                     build/stm32f4xx_hal_dma_ex.o
HAL_DMA_Abort                                     build/stm32f4xx_hal_dma.o
                                                  build/stm32f4xx_hal_uart.o
                                                  build/stm32f4xx_hal_spi.o
HAL_DMA_Abort_IT                                  build/stm32f4xx_hal_dma.o
                                                  build/stm32f4xx_hal_uart.o
                                                  build/stm32f4xx_hal_spi.o
HAL_DMA_DeInit                                    build/stm32f4xx_hal_dma.o
                                                  build/spi.o
HAL_DMA_GetError                                  build/stm32f4xx_hal_dma.o
                                                  build/stm32f4xx_hal_uart.o
HAL_DMA_GetState                                  build/stm32f4xx_hal_dma.o
HAL_DMA_IRQHandler                                build/stm32f4xx_hal_dma.o
                                                  build/stm32f4xx_it.o
HAL_DMA_Init                                      build/stm32f4xx_hal_dma.o
                                                  build/spi.o
                                                  build/dma.o
HAL_DMA_PollForTransfer                           build/stm32f4xx_hal_dma.o
HAL_DMA_RegisterCallback                          build/stm32f4xx_hal_dma.o
HAL_DMA_Start                                     build/stm32f4xx_hal_dma.o
HAL_DMA_Start_IT                                  build/stm32f4xx_hal_dma.o
                                                  build/stm32f4xx_hal_uart.o
                                                  build/stm32f4xx_hal_spi.o
HAL_DMA_UnRegisterCallback                        build/stm32f4xx_hal_dma.o
HAL_DeInit                                        build/stm32f4xx_hal.o
HAL_Delay                                         build/stm32f4xx_hal.o
                                                  build/ssd1306.o
                                                  build/main.o
HAL_DisableCompensationCell                       build/stm32f4xx_hal.o
HAL_EXTI_ClearConfigLine                          build/stm32f4xx_hal_exti.o
HAL_EXTI_ClearPending                             build/stm32f4xx_hal_exti.o
HAL_EXTI_GenerateSWI                              build/stm32f4xx_hal_exti.o
HAL_EXTI_GetConfigLine                            build/stm32f4xx_hal_exti.o
HAL_EXTI_GetHandle                                build/stm32f4xx_hal_exti.o
HAL_EXTI_GetPending                               build/stm32f4xx_hal_exti.o
HAL_EXTI_IRQHandler                               build/stm32f4xx_hal_exti.o
HAL_EXTI_RegisterCallback                         build/stm32f4xx_hal_exti.o
HAL_EXTI_SetConfigLine                            build/stm32f4xx_hal_exti.o
HAL_EnableCompensationCell                        build/stm32f4xx_hal.o
HAL_FLASHEx_Erase                                 build/stm32f4xx_hal_flash_ex.o
HAL_FLASHEx_Erase_IT                              build/stm32f4xx_hal_flash_ex.o
HAL_FLASHEx_OBGetConfig                           build/stm32f4xx_hal_flash_ex.o
HAL_FLASHEx_OBProgram                             build/stm32f4xx_hal_flash_ex.o
HAL_FLASH_EndOfOperationCallback                  build/stm32f4xx_hal_flash.o
HAL_FLASH_GetError                                build/stm32f4xx_hal_flash.o
HAL_FLASH_IRQHandler                              build/stm32f4xx_hal_flash.o
HAL_FLASH_Lock                                    build/stm32f4xx_hal_flash.o
HAL_FLASH_OB_Launch                               build/stm32f4xx_hal_flash.o
HAL_FLASH_OB_Lock                                 build/stm32f4xx_hal_flash.o
HAL_FLASH_OB_Unlock                               build/stm32f4xx_hal_flash.o
HAL_FLASH_OperationErrorCallback                  build/stm32f4xx_hal_flash.o
HAL_FLASH_Program                                 build/stm32f4xx_hal_flash.o
HAL_FLASH_Program_IT                              build/stm32f4xx_hal_flash.o
HAL_FLASH_Unlock                                  build/stm32f4xx_hal_flash.o
HAL_GPIO_DeInit                                   build/stm32f4xx_hal_gpio.o
                                                  build/usart.o
                                                  build/spi.o
HAL_GPIO_EXTI_Callback                            build/stm32f4xx_hal_gpio.o
HAL_GPIO_EXTI_IRQHandler                          build/stm32f4xx_hal_gpio.o
HAL_GPIO_Init                                     build/stm32f4xx_hal_gpio.o
                                                  build/stm32f4xx_hal_rcc.o
                                                  build/usart.o
                                                  build/spi.o
                                                  build/gpio.o
HAL_GPIO_LockPin                                  build/stm32f4xx_hal_gpio.o
HAL_GPIO_ReadPin                                  build/stm32f4xx_hal_gpio.o
HAL_GPIO_TogglePin                                build/stm32f4xx_hal_gpio.o
                                                  build/main.o
HAL_GPIO_WritePin                                 build/stm32f4xx_hal_gpio.o
                                                  build/ssd1306.o
                                                  build/main.o
                                                  build/gpio.o
HAL_GetDEVID                                      build/stm32f4xx_hal.o
HAL_GetHalVersion                                 build/stm32f4xx_hal.o
HAL_GetREVID                                      build/stm32f4xx_hal.o
HAL_GetTick                                       build/stm32f4xx_hal.o
                                                  build/stm32f4xx_hal_uart.o
                                                  build/stm32f4xx_hal_spi.o
                                                  build/stm32f4xx_hal_rcc_ex.o
                                                  build/stm32f4xx_hal_rcc.o
                                                  build/stm32f4xx_hal_pwr_ex.o
                                                  build/stm32f4xx_hal_flash.o
                                                  build/stm32f4xx_hal_dma.o
                                                  build/main.o
HAL_GetTickFreq                                   build/stm32f4xx_hal.o
HAL_GetTickPrio                                   build/stm32f4xx_hal.o
HAL_GetUIDw0                                      build/stm32f4xx_hal.o
HAL_GetUIDw1                                      build/stm32f4xx_hal.o
HAL_GetUIDw2                                      build/stm32f4xx_hal.o
HAL_HalfDuplex_EnableReceiver                     build/stm32f4xx_hal_uart.o
HAL_HalfDuplex_EnableTransmitter                  build/stm32f4xx_hal_uart.o
HAL_HalfDuplex_Init                               build/stm32f4xx_hal_uart.o
HAL_IncTick                                       build/stm32f4xx_hal.o
                                                  build/stm32f4xx_it.o
HAL_Init                                          build/stm32f4xx_hal.o
                                                  build/main.o
HAL_InitTick                                      build/stm32f4xx_hal.o
                                                  build/stm32f4xx_hal_rcc_ex.o
                                                  build/stm32f4xx_hal_rcc.o
HAL_LIN_Init                                      build/stm32f4xx_hal_uart.o
HAL_LIN_SendBreak                                 build/stm32f4xx_hal_uart.o
HAL_MPU_ConfigRegion                              build/stm32f4xx_hal_cortex.o
HAL_MPU_Disable                                   build/stm32f4xx_hal_cortex.o
HAL_MPU_Enable                                    build/stm32f4xx_hal_cortex.o
HAL_MspDeInit                                     build/stm32f4xx_hal.o
HAL_MspInit                                       build/stm32f4xx_hal_msp.o
HAL_MultiProcessor_EnterMuteMode                  build/stm32f4xx_hal_uart.o
HAL_MultiProcessor_ExitMuteMode                   build/stm32f4xx_hal_uart.o
HAL_MultiProcessor_Init                           build/stm32f4xx_hal_uart.o
HAL_NVIC_ClearPendingIRQ                          build/stm32f4xx_hal_cortex.o
HAL_NVIC_DisableIRQ                               build/stm32f4xx_hal_cortex.o
                                                  build/usart.o
                                                  build/spi.o
HAL_NVIC_EnableIRQ                                build/stm32f4xx_hal_cortex.o
                                                  build/usart.o
                                                  build/spi.o
                                                  build/dma.o
HAL_NVIC_GetActive                                build/stm32f4xx_hal_cortex.o
HAL_NVIC_GetPendingIRQ                            build/stm32f4xx_hal_cortex.o
HAL_NVIC_GetPriority                              build/stm32f4xx_hal_cortex.o
HAL_NVIC_GetPriorityGrouping                      build/stm32f4xx_hal_cortex.o
HAL_NVIC_SetPendingIRQ                            build/stm32f4xx_hal_cortex.o
HAL_NVIC_SetPriority                              build/stm32f4xx_hal_cortex.o
                                                  build/stm32f4xx_hal.o
                                                  build/usart.o
                                                  build/spi.o
                                                  build/dma.o
HAL_NVIC_SetPriorityGrouping                      build/stm32f4xx_hal_cortex.o
                                                  build/stm32f4xx_hal.o
HAL_NVIC_SystemReset                              build/stm32f4xx_hal_cortex.o
HAL_PWREx_ControlVoltageScaling                   build/stm32f4xx_hal_pwr_ex.o
HAL_PWREx_DisableBkUpReg                          build/stm32f4xx_hal_pwr_ex.o
HAL_PWREx_DisableFlashPowerDown                   build/stm32f4xx_hal_pwr_ex.o
HAL_PWREx_EnableBkUpReg                           build/stm32f4xx_hal_pwr_ex.o
HAL_PWREx_EnableFlashPowerDown                    build/stm32f4xx_hal_pwr_ex.o
HAL_PWREx_GetVoltageRange                         build/stm32f4xx_hal_pwr_ex.o
HAL_PWR_ConfigPVD                                 build/stm32f4xx_hal_pwr.o
HAL_PWR_DeInit                                    build/stm32f4xx_hal_pwr.o
HAL_PWR_DisableBkUpAccess                         build/stm32f4xx_hal_pwr.o
HAL_PWR_DisablePVD                                build/stm32f4xx_hal_pwr.o
HAL_PWR_DisableSEVOnPend                          build/stm32f4xx_hal_pwr.o
HAL_PWR_DisableSleepOnExit                        build/stm32f4xx_hal_pwr.o
HAL_PWR_DisableWakeUpPin                          build/stm32f4xx_hal_pwr.o
HAL_PWR_EnableBkUpAccess                          build/stm32f4xx_hal_pwr.o
HAL_PWR_EnablePVD                                 build/stm32f4xx_hal_pwr.o
HAL_PWR_EnableSEVOnPend                           build/stm32f4xx_hal_pwr.o
HAL_PWR_EnableSleepOnExit                         build/stm32f4xx_hal_pwr.o
HAL_PWR_EnableWakeUpPin                           build/stm32f4xx_hal_pwr.o
HAL_PWR_EnterSLEEPMode                            build/stm32f4xx_hal_pwr.o
HAL_PWR_EnterSTANDBYMode                          build/stm32f4xx_hal_pwr.o
HAL_PWR_EnterSTOPMode                             build/stm32f4xx_hal_pwr.o
HAL_PWR_PVDCallback                               build/stm32f4xx_hal_pwr.o
HAL_PWR_PVD_IRQHandler                            build/stm32f4xx_hal_pwr.o
HAL_RCCEx_DisablePLLI2S                           build/stm32f4xx_hal_rcc_ex.o
HAL_RCCEx_EnablePLLI2S                            build/stm32f4xx_hal_rcc_ex.o
HAL_RCCEx_GetPeriphCLKConfig                      build/stm32f4xx_hal_rcc_ex.o
HAL_RCCEx_GetPeriphCLKFreq                        build/stm32f4xx_hal_rcc_ex.o
HAL_RCCEx_PeriphCLKConfig                         build/stm32f4xx_hal_rcc_ex.o
HAL_RCC_CSSCallback                               build/stm32f4xx_hal_rcc.o
HAL_RCC_ClockConfig                               build/stm32f4xx_hal_rcc.o
                                                  build/main.o
HAL_RCC_DeInit                                    build/stm32f4xx_hal_rcc_ex.o
                                                  build/stm32f4xx_hal_rcc.o
HAL_RCC_DisableCSS                                build/stm32f4xx_hal_rcc.o
HAL_RCC_EnableCSS                                 build/stm32f4xx_hal_rcc.o
HAL_RCC_GetClockConfig                            build/stm32f4xx_hal_rcc.o
HAL_RCC_GetHCLKFreq                               build/stm32f4xx_hal_rcc.o
HAL_RCC_GetOscConfig                              build/stm32f4xx_hal_rcc.o
HAL_RCC_GetPCLK1Freq                              build/stm32f4xx_hal_rcc.o
                                                  build/stm32f4xx_hal_uart.o
HAL_RCC_GetPCLK2Freq                              build/stm32f4xx_hal_rcc.o
                                                  build/stm32f4xx_hal_uart.o
HAL_RCC_GetSysClockFreq                           build/stm32f4xx_hal_rcc.o
HAL_RCC_MCOConfig                                 build/stm32f4xx_hal_rcc.o
HAL_RCC_NMI_IRQHandler                            build/stm32f4xx_hal_rcc.o
HAL_RCC_OscConfig                                 build/stm32f4xx_hal_rcc.o
                                                  build/main.o
HAL_ResumeTick                                    build/stm32f4xx_hal.o
HAL_SPI_Abort                                     build/stm32f4xx_hal_spi.o
HAL_SPI_AbortCpltCallback                         build/stm32f4xx_hal_spi.o
HAL_SPI_Abort_IT                                  build/stm32f4xx_hal_spi.o
HAL_SPI_DMAPause                                  build/stm32f4xx_hal_spi.o
HAL_SPI_DMAResume                                 build/stm32f4xx_hal_spi.o
HAL_SPI_DMAStop                                   build/stm32f4xx_hal_spi.o
HAL_SPI_DeInit                                    build/stm32f4xx_hal_spi.o
HAL_SPI_ErrorCallback                             build/stm32f4xx_hal_spi.o
HAL_SPI_GetError                                  build/stm32f4xx_hal_spi.o
HAL_SPI_GetState                                  build/stm32f4xx_hal_spi.o
HAL_SPI_IRQHandler                                build/stm32f4xx_hal_spi.o
                                                  build/stm32f4xx_it.o
HAL_SPI_Init                                      build/stm32f4xx_hal_spi.o
                                                  build/spi.o
HAL_SPI_MspDeInit                                 build/spi.o
HAL_SPI_MspInit                                   build/spi.o
HAL_SPI_Receive                                   build/stm32f4xx_hal_spi.o
HAL_SPI_Receive_DMA                               build/stm32f4xx_hal_spi.o
HAL_SPI_Receive_IT                                build/stm32f4xx_hal_spi.o
HAL_SPI_RxCpltCallback                            build/stm32f4xx_hal_spi.o
HAL_SPI_RxHalfCpltCallback                        build/stm32f4xx_hal_spi.o
HAL_SPI_Transmit                                  build/stm32f4xx_hal_spi.o
HAL_SPI_TransmitReceive                           build/stm32f4xx_hal_spi.o
HAL_SPI_TransmitReceive_DMA                       build/stm32f4xx_hal_spi.o
HAL_SPI_TransmitReceive_IT                        build/stm32f4xx_hal_spi.o
HAL_SPI_Transmit_DMA                              build/stm32f4xx_hal_spi.o
                                                  build/ssd1306.o
HAL_SPI_Transmit_IT                               build/stm32f4xx_hal_spi.o
HAL_SPI_TxCpltCallback                            build/stm32f4xx_hal_spi.o
HAL_SPI_TxHalfCpltCallback                        build/stm32f4xx_hal_spi.o
HAL_SPI_TxRxCpltCallback                          build/stm32f4xx_hal_spi.o
HAL_SPI_TxRxHalfCpltCallback                      build/stm32f4xx_hal_spi.o
HAL_SYSTICK_CLKSourceConfig                       build/stm32f4xx_hal_cortex.o
HAL_SYSTICK_Callback                              build/stm32f4xx_hal_cortex.o
HAL_SYSTICK_Config                                build/stm32f4xx_hal_cortex.o
                                                  build/stm32f4xx_hal.o
HAL_SYSTICK_IRQHandler                            build/stm32f4xx_hal_cortex.o
HAL_SetTickFreq                                   build/stm32f4xx_hal.o
HAL_SuspendTick                                   build/stm32f4xx_hal.o
HAL_UARTEx_ReceiveToIdle                          build/stm32f4xx_hal_uart.o
HAL_UARTEx_ReceiveToIdle_DMA                      build/stm32f4xx_hal_uart.o
HAL_UARTEx_ReceiveToIdle_IT                       build/stm32f4xx_hal_uart.o
HAL_UARTEx_RxEventCallback                        build/stm32f4xx_hal_uart.o
HAL_UART_Abort                                    build/stm32f4xx_hal_uart.o
HAL_UART_AbortCpltCallback                        build/stm32f4xx_hal_uart.o
HAL_UART_AbortReceive                             build/stm32f4xx_hal_uart.o
HAL_UART_AbortReceiveCpltCallback                 build/stm32f4xx_hal_uart.o
HAL_UART_AbortReceive_IT                          build/stm32f4xx_hal_uart.o
HAL_UART_AbortTransmit                            build/stm32f4xx_hal_uart.o
HAL_UART_AbortTransmitCpltCallback                build/stm32f4xx_hal_uart.o
HAL_UART_AbortTransmit_IT                         build/stm32f4xx_hal_uart.o
HAL_UART_Abort_IT                                 build/stm32f4xx_hal_uart.o
HAL_UART_DMAPause                                 build/stm32f4xx_hal_uart.o
HAL_UART_DMAResume                                build/stm32f4xx_hal_uart.o
HAL_UART_DMAStop                                  build/stm32f4xx_hal_uart.o
HAL_UART_DeInit                                   build/stm32f4xx_hal_uart.o
HAL_UART_ErrorCallback                            build/stm32f4xx_hal_uart.o
HAL_UART_GetError                                 build/stm32f4xx_hal_uart.o
HAL_UART_GetState                                 build/stm32f4xx_hal_uart.o
HAL_UART_IRQHandler                               build/stm32f4xx_hal_uart.o
                                                  build/stm32f4xx_it.o
HAL_UART_Init                                     build/stm32f4xx_hal_uart.o
                                                  build/usart.o
HAL_UART_MspDeInit                                build/usart.o
HAL_UART_MspInit                                  build/usart.o
HAL_UART_Receive                                  build/stm32f4xx_hal_uart.o
HAL_UART_Receive_DMA                              build/stm32f4xx_hal_uart.o
HAL_UART_Receive_IT                               build/stm32f4xx_hal_uart.o
HAL_UART_RxCpltCallback                           build/stm32f4xx_hal_uart.o
HAL_UART_RxHalfCpltCallback                       build/stm32f4xx_hal_uart.o
HAL_UART_Transmit                                 build/stm32f4xx_hal_uart.o
HAL_UART_Transmit_DMA                             build/stm32f4xx_hal_uart.o
                                                  build/main.o
HAL_UART_Transmit_IT                              build/stm32f4xx_hal_uart.o
HAL_UART_TxCpltCallback                           build/stm32f4xx_hal_uart.o
HAL_UART_TxHalfCpltCallback                       build/stm32f4xx_hal_uart.o
HASH_RNG_IRQHandler                               build/startup_stm32f405xx.o
HardFault_Handler                                 build/stm32f4xx_it.o
I2C1_ER_IRQHandler                                build/startup_stm32f405xx.o
I2C1_EV_IRQHandler                                build/startup_stm32f405xx.o
I2C2_ER_IRQHandler                                build/startup_stm32f405xx.o
I2C2_EV_IRQHandler                                build/startup_stm32f405xx.o
I2C3_ER_IRQHandler                                build/startup_stm32f405xx.o
I2C3_EV_IRQHandler                                build/startup_stm32f405xx.o
MX_DMA_Init                                       build/dma.o
                                                  build/main.o
MX_GPIO_Init                                      build/gpio.o
                                                  build/main.o
MX_SPI1_Init                                      build/spi.o
                                                  build/main.o
MX_USART2_UART_Init                               build/usart.o
                                                  build/main.o
MemManage_Handler                                 build/stm32f4xx_it.o
NMI_Handler                                       build/stm32f4xx_it.o
OTG_FS_IRQHandler                                 build/startup_stm32f405xx.o
OTG_FS_WKUP_IRQHandler                            build/startup_stm32f405xx.o
OTG_HS_EP1_IN_IRQHandler                          build/startup_stm32f405xx.o
OTG_HS_EP1_OUT_IRQHandler                         build/startup_stm32f405xx.o
OTG_HS_IRQHandler                                 build/startup_stm32f405xx.o
OTG_HS_WKUP_IRQHandler                            build/startup_stm32f405xx.o
PVD_IRQHandler                                    build/startup_stm32f405xx.o
PendSV_Handler                                    build/stm32f4xx_it.o
RCC_IRQHandler                                    build/startup_stm32f405xx.o
RTC_Alarm_IRQHandler                              build/startup_stm32f405xx.o
RTC_WKUP_IRQHandler                               build/startup_stm32f405xx.o
Reset_Handler                                     build/startup_stm32f405xx.o
SDIO_IRQHandler                                   build/startup_stm32f405xx.o
SPI1_IRQHandler                                   build/stm32f4xx_it.o
SPI2_IRQHandler                                   build/startup_stm32f405xx.o
SPI3_IRQHandler                                   build/startup_stm32f405xx.o
SVC_Handler                                       build/stm32f4xx_it.o
SysTick_Handler                                   build/stm32f4xx_it.o
SystemClock_Config                                build/main.o
SystemCoreClock                                   build/system_stm32f4xx.o
                                                  build/stm32f4xx_hal_spi.o
                                                  build/stm32f4xx_hal_rcc_ex.o
                                                  build/stm32f4xx_hal_rcc.o
                                                  build/stm32f4xx_hal_dma.o
                                                  build/stm32f4xx_hal.o
SystemCoreClockUpdate                             build/system_stm32f4xx.o
SystemInit                                        build/system_stm32f4xx.o
                                                  build/startup_stm32f405xx.o
TAMP_STAMP_IRQHandler                             build/startup_stm32f405xx.o
TIM1_BRK_TIM9_IRQHandler                          build/startup_stm32f405xx.o
TIM1_CC_IRQHandler                                build/startup_stm32f405xx.o
TIM1_TRG_COM_TIM11_IRQHandler                     build/startup_stm32f405xx.o
TIM1_UP_TIM10_IRQHandler                          build/startup_stm32f405xx.o
TIM2_IRQHandler                                   build/startup_stm32f405xx.o
TIM3_IRQHandler                                   build/startup_stm32f405xx.o
TIM4_IRQHandler                                   build/startup_stm32f405xx.o
TIM5_IRQHandler                                   build/startup_stm32f405xx.o
TIM6_DAC_IRQHandler                               build/startup_stm32f405xx.o
TIM7_IRQHandler                                   build/startup_stm32f405xx.o
TIM8_BRK_TIM12_IRQHandler                         build/startup_stm32f405xx.o
TIM8_CC_IRQHandler                                build/startup_stm32f405xx.o
TIM8_TRG_COM_TIM14_IRQHandler                     build/startup_stm32f405xx.o
TIM8_UP_TIM13_IRQHandler                          build/startup_stm32f405xx.o
UART4_IRQHandler                                  build/startup_stm32f405xx.o
UART5_IRQHandler                                  build/startup_stm32f405xx.o
UART_Start_Receive_DMA                            build/stm32f4xx_hal_uart.o
UART_Start_Receive_IT                             build/stm32f4xx_hal_uart.o
USART1_IRQHandler                                 build/startup_stm32f405xx.o
USART2_IRQHandler                                 build/stm32f4xx_it.o
USART3_IRQHandler                                 build/startup_stm32f405xx.o
USART6_IRQHandler                                 build/startup_stm32f405xx.o
UsageFault_Handler                                build/stm32f4xx_it.o
WWDG_IRQHandler                                   build/startup_stm32f405xx.o
__aeabi_idiv0                                     c:/program files (x86)/gnu arm embedded toolchain/10 2021.07/bin/../lib/gcc/arm-none-eabi/10.3.1/thumb/v7e-m+fp/hard\libgcc.a(_dvmd_tls.o)
__aeabi_ldiv0                                     c:/program files (x86)/gnu arm embedded toolchain/10 2021.07/bin/../lib/gcc/arm-none-eabi/10.3.1/thumb/v7e-m+fp/hard\libgcc.a(_dvmd_tls.o)
                                                  c:/program files (x86)/gnu arm embedded toolchain/10 2021.07/bin/../lib/gcc/arm-none-eabi/10.3.1/thumb/v7e-m+fp/hard\libgcc.a(_aeabi_uldivmod.o)
__aeabi_uldivmod                                  c:/program files (x86)/gnu arm embedded toolchain/10 2021.07/bin/../lib/gcc/arm-none-eabi/10.3.1/thumb/v7e-m+fp/hard\libgcc.a(_aeabi_uldivmod.o)
                                                  build/stm32f4xx_hal_uart.o
                                                  build/stm32f4xx_hal_rcc.o
__bss_end__                                       c:/program files (x86)/gnu arm embedded toolchain/10 2021.07/bin/../lib/gcc/arm-none-eabi/10.3.1/../../../../arm-none-eabi/lib/thumb/v7e-m+fp/hard/crt0.o
__bss_start__                                     c:/program files (x86)/gnu arm embedded toolchain/10 2021.07/bin/../lib/gcc/arm-none-eabi/10.3.1/../../../../arm-none-eabi/lib/thumb/v7e-m+fp/hard/crt0.o
__call_exitprocs                                  c:/program files (x86)/gnu arm embedded toolchain/10 2021.07/bin/../lib/gcc/arm-none-eabi/10.3.1/../../../../arm-none-eabi/lib/thumb/v7e-m+fp/hard\libc_nano.a(lib_a-exit.o)
__deregister_frame_info                           c:/program files (x86)/gnu arm embedded toolchain/10 2021.07/bin/../lib/gcc/arm-none-eabi/10.3.1/thumb/v7e-m+fp/hard/crtbegin.o
__dso_handle                                      c:/program files (x86)/gnu arm embedded toolchain/10 2021.07/bin/../lib/gcc/arm-none-eabi/10.3.1/thumb/v7e-m+fp/hard/crtbegin.o
__init_array_end                                  c:/program files (x86)/gnu arm embedded toolchain/10 2021.07/bin/../lib/gcc/arm-none-eabi/10.3.1/../../../../arm-none-eabi/lib/thumb/v7e-m+fp/hard\libc_nano.a(lib_a-init.o)
__init_array_start                                c:/program files (x86)/gnu arm embedded toolchain/10 2021.07/bin/../lib/gcc/arm-none-eabi/10.3.1/../../../../arm-none-eabi/lib/thumb/v7e-m+fp/hard\libc_nano.a(lib_a-init.o)
__libc_fini_array                                 c:/program files (x86)/gnu arm embedded toolchain/10 2021.07/bin/../lib/gcc/arm-none-eabi/10.3.1/../../../../arm-none-eabi/lib/thumb/v7e-m+fp/hard/crt0.o
__libc_init_array                                 c:/program files (x86)/gnu arm embedded toolchain/10 2021.07/bin/../lib/gcc/arm-none-eabi/10.3.1/../../../../arm-none-eabi/lib/thumb/v7e-m+fp/hard\libc_nano.a(lib_a-init.o)
                                                  build/startup_stm32f405xx.o
                                                  c:/program files (x86)/gnu arm embedded toolchain/10 2021.07/bin/../lib/gcc/arm-none-eabi/10.3.1/../../../../arm-none-eabi/lib/thumb/v7e-m+fp/hard/crt0.o
__preinit_array_end                               c:/program files (x86)/gnu arm embedded toolchain/10 2021.07/bin/../lib/gcc/arm-none-eabi/10.3.1/../../../../arm-none-eabi/lib/thumb/v7e-m+fp/hard\libc_nano.a(lib_a-init.o)
__preinit_array_start                             c:/program files (x86)/gnu arm embedded toolchain/10 2021.07/bin/../lib/gcc/arm-none-eabi/10.3.1/../../../../arm-none-eabi/lib/thumb/v7e-m+fp/hard\libc_nano.a(lib_a-init.o)
__register_frame_info                             c:/program files (x86)/gnu arm embedded toolchain/10 2021.07/bin/../lib/gcc/arm-none-eabi/10.3.1/thumb/v7e-m+fp/hard/crtbegin.o
__sf_fake_stderr                                  c:/program files (x86)/gnu arm embedded toolchain/10 2021.07/bin/../lib/gcc/arm-none-eabi/10.3.1/../../../../arm-none-eabi/lib/thumb/v7e-m+fp/hard\libc_nano.a(lib_a-impure.o)
__sf_fake_stdin                                   c:/program files (x86)/gnu arm embedded toolchain/10 2021.07/bin/../lib/gcc/arm-none-eabi/10.3.1/../../../../arm-none-eabi/lib/thumb/v7e-m+fp/hard\libc_nano.a(lib_a-impure.o)
__sf_fake_stdout                                  c:/program files (x86)/gnu arm embedded toolchain/10 2021.07/bin/../lib/gcc/arm-none-eabi/10.3.1/../../../../arm-none-eabi/lib/thumb/v7e-m+fp/hard\libc_nano.a(lib_a-impure.o)
__stack                                           c:/program files (x86)/gnu arm embedded toolchain/10 2021.07/bin/../lib/gcc/arm-none-eabi/10.3.1/../../../../arm-none-eabi/lib/thumb/v7e-m+fp/hard/crt0.o
__udivmoddi4                                      c:/program files (x86)/gnu arm embedded toolchain/10 2021.07/bin/../lib/gcc/arm-none-eabi/10.3.1/thumb/v7e-m+fp/hard\libgcc.a(_udivmoddi4.o)
                                                  c:/program files (x86)/gnu arm embedded toolchain/10 2021.07/bin/../lib/gcc/arm-none-eabi/10.3.1/thumb/v7e-m+fp/hard\libgcc.a(_aeabi_uldivmod.o)
_ebss                                             build/startup_stm32f405xx.o
_edata                                            build/startup_stm32f405xx.o
_estack                                           build/startup_stm32f405xx.o
_exit                                             c:/program files (x86)/gnu arm embedded toolchain/10 2021.07/bin/../lib/gcc/arm-none-eabi/10.3.1/../../../../arm-none-eabi/lib/thumb/v7e-m+fp/hard\libnosys.a(_exit.o)
                                                  c:/program files (x86)/gnu arm embedded toolchain/10 2021.07/bin/../lib/gcc/arm-none-eabi/10.3.1/../../../../arm-none-eabi/lib/thumb/v7e-m+fp/hard\libc_nano.a(lib_a-exit.o)
_fini                                             c:/program files (x86)/gnu arm embedded toolchain/10 2021.07/bin/../lib/gcc/arm-none-eabi/10.3.1/thumb/v7e-m+fp/hard/crti.o
_global_impure_ptr                                c:/program files (x86)/gnu arm embedded toolchain/10 2021.07/bin/../lib/gcc/arm-none-eabi/10.3.1/../../../../arm-none-eabi/lib/thumb/v7e-m+fp/hard\libc_nano.a(lib_a-impure.o)
                                                  c:/program files (x86)/gnu arm embedded toolchain/10 2021.07/bin/../lib/gcc/arm-none-eabi/10.3.1/../../../../arm-none-eabi/lib/thumb/v7e-m+fp/hard\libc_nano.a(lib_a-exit.o)
_impure_ptr                                       c:/program files (x86)/gnu arm embedded toolchain/10 2021.07/bin/../lib/gcc/arm-none-eabi/10.3.1/../../../../arm-none-eabi/lib/thumb/v7e-m+fp/hard\libc_nano.a(lib_a-impure.o)
_init                                             c:/program files (x86)/gnu arm embedded toolchain/10 2021.07/bin/../lib/gcc/arm-none-eabi/10.3.1/thumb/v7e-m+fp/hard/crti.o
                                                  c:/program files (x86)/gnu arm embedded toolchain/10 2021.07/bin/../lib/gcc/arm-none-eabi/10.3.1/../../../../arm-none-eabi/lib/thumb/v7e-m+fp/hard\libc_nano.a(lib_a-init.o)
_mainCRTStartup                                   c:/program files (x86)/gnu arm embedded toolchain/10 2021.07/bin/../lib/gcc/arm-none-eabi/10.3.1/../../../../arm-none-eabi/lib/thumb/v7e-m+fp/hard/crt0.o
_sbss                                             build/startup_stm32f405xx.o
_sdata                                            build/startup_stm32f405xx.o
_sidata                                           build/startup_stm32f405xx.o
_stack_init                                       c:/program files (x86)/gnu arm embedded toolchain/10 2021.07/bin/../lib/gcc/arm-none-eabi/10.3.1/../../../../arm-none-eabi/lib/thumb/v7e-m+fp/hard/crt0.o
_start                                            c:/program files (x86)/gnu arm embedded toolchain/10 2021.07/bin/../lib/gcc/arm-none-eabi/10.3.1/../../../../arm-none-eabi/lib/thumb/v7e-m+fp/hard/crt0.o
atexit                                            c:/program files (x86)/gnu arm embedded toolchain/10 2021.07/bin/../lib/gcc/arm-none-eabi/10.3.1/../../../../arm-none-eabi/lib/thumb/v7e-m+fp/hard/crt0.o
clean_screen                                      build/ssd1306.o
                                                  build/main.o
digital_font5x7                                   build/ssd1306_fonts.o
digital_font5x7_123                               build/ssd1306_fonts.o
digital_font5x7_AB                                build/ssd1306_fonts.o
exit                                              c:/program files (x86)/gnu arm embedded toolchain/10 2021.07/bin/../lib/gcc/arm-none-eabi/10.3.1/../../../../arm-none-eabi/lib/thumb/v7e-m+fp/hard\libc_nano.a(lib_a-exit.o)
                                                  c:/program files (x86)/gnu arm embedded toolchain/10 2021.07/bin/../lib/gcc/arm-none-eabi/10.3.1/../../../../arm-none-eabi/lib/thumb/v7e-m+fp/hard/crt0.o
fill_screen                                       build/ssd1306.o
fill_white                                        build/ssd1306.o
g_pfnVectors                                      build/startup_stm32f405xx.o
hardware_init_hook                                c:/program files (x86)/gnu arm embedded toolchain/10 2021.07/bin/../lib/gcc/arm-none-eabi/10.3.1/../../../../arm-none-eabi/lib/thumb/v7e-m+fp/hard/crt0.o
hdma_memtomem_dma2_stream0                        build/dma.o
hdma_spi1_tx                                      build/spi.o
                                                  build/stm32f4xx_it.o
hspi1                                             build/spi.o
                                                  build/ssd1306.o
                                                  build/stm32f4xx_it.o
huart2                                            build/usart.o
                                                  build/stm32f4xx_it.o
                                                  build/main.o
main                                              build/main.o
                                                  build/startup_stm32f405xx.o
                                                  c:/program files (x86)/gnu arm embedded toolchain/10 2021.07/bin/../lib/gcc/arm-none-eabi/10.3.1/../../../../arm-none-eabi/lib/thumb/v7e-m+fp/hard/crt0.o
memset                                            c:/program files (x86)/gnu arm embedded toolchain/10 2021.07/bin/../lib/gcc/arm-none-eabi/10.3.1/../../../../arm-none-eabi/lib/thumb/v7e-m+fp/hard\libc_nano.a(lib_a-memset.o)
                                                  build/main.o
                                                  c:/program files (x86)/gnu arm embedded toolchain/10 2021.07/bin/../lib/gcc/arm-none-eabi/10.3.1/../../../../arm-none-eabi/lib/thumb/v7e-m+fp/hard/crt0.o
oled_print                                        build/ssd1306.o
oled_print_ch                                     build/ssd1306.o
oled_print_str                                    build/ssd1306.o
                                                  build/main.o
oled_writecmd                                     build/ssd1306.o
oled_writedata                                    build/ssd1306.o
pFlash                                            build/stm32f4xx_hal_flash.o
                                                  build/stm32f4xx_hal_flash_ex.o
software_init_hook                                c:/program files (x86)/gnu arm embedded toolchain/10 2021.07/bin/../lib/gcc/arm-none-eabi/10.3.1/../../../../arm-none-eabi/lib/thumb/v7e-m+fp/hard/crt0.o
spi_sendbyte                                      build/ssd1306.o
ssd1306_init                                      build/ssd1306.o
                                                  build/main.o
ssd1306xled_font5x7                               build/ssd1306_fonts.o
ssd1306xled_font5x7_AB                            build/ssd1306_fonts.o
ssd1306xled_font6x8                               build/ssd1306_fonts.o
                                                  build/ssd1306.o
ssd1306xled_font6x8_AB                            build/ssd1306_fonts.o
ssd1306xled_font8x16                              build/ssd1306_fonts.o
strlen                                            c:/program files (x86)/gnu arm embedded toolchain/10 2021.07/bin/../lib/gcc/arm-none-eabi/10.3.1/../../../../arm-none-eabi/lib/thumb/v7e-m+fp/hard\libc_nano.a(lib_a-strlen.o)
                                                  build/ssd1306.o
uwTick                                            build/stm32f4xx_hal.o
uwTickFreq                                        build/stm32f4xx_hal.o
uwTickPrio                                        build/stm32f4xx_hal.o
                                                  build/stm32f4xx_hal_rcc_ex.o
                                                  build/stm32f4xx_hal_rcc.o
